----------------------------------------------------------------
-Pin Report - Date: Fri Dec 18 11:12:29 2020 Pinchecksum: NOT-AVAILABLE
-Product: Designer
-Release: v12.5
-Version: 12.900.10.16
-Design Name: system
-Family: SmartFusion2
-Die: M2S010
-Package: 144 TQ
-----------------------------------------------------------------

Port     |Pin |Fixed |Function   |Bank     |I/O Std   |Direction                      |I/O state in Flash*Freeze mode |Resistor Pull                      |I/O available in Flash*Freeze mode |Schmitt Trigger |Odt_Static    |Odt Imp (Ohm)  |Low Power Exit |Input Delay |Slew         |Pre-Emphasis      |Output Drive (mA) |Output Load (pF) |
---------|----|------|-----------|---------|----------|-------------------------------|-------------------------------|-----------------------------------|-----------------------------------|----------------|--------------|---------------|---------------|------------|-------------|------------------|------------------|-----------------|
DEVRST_N  72   Fixed  DEVRST_N    ---       
Y         118  Yes    DDRIO37PB0  Bank0     LVCMOS25   Output                          TRISTATE                        None                                No                                  ---              ---            ---             ---             ---          SLOW          ---                4                  5                 
